{
  "description": "Priced round solver golden test from PRD §6.3",
  "input": {
    "preMoney": "20000000",
    "investment": "5000000",
    "targetPostPoolPct": 0.10,
    "s0FdShares": 10000000
  },
  "expectedOutput": {
    "poolTopUp": 1428571.4285714286,
    "pps": "1.750000",
    "investorShares": 2857143
  },
  "tolerance": {
    "poolTopUp": 1,
    "pps": 0.000001,
    "investorShares": 1
  },
  "notes": "Post shares = 10,000,000 + 1,470,588 + 2,875,000 = 14,345,588; Pool ≈ 10% post"
}